schema {
  query: Query
}

type Edition {
  listings: [Listing!]!
  year: Int!
  startUtcDateAndTime: DateTime!
  endUtcDateAndTime: DateTime!
  hasPlayDateAndTime: Boolean!
}

type Listing {
  track: Track!
  edition: Edition!
  trackId: Int!
  editionYear: Int!
  position: Int!
  playUtcDateAndTime: DateTime
}

type Query {
  latest: Edition!
  editions: [Edition!]!
  current: Edition
  editionByYear(year: Int!): Edition
  searchForTrack(searchinput: TrackSearchTypeInput!): [Track!]!
}

type Track {
  listings: [Listing!]!
  id: Int!
  title: String!
  artist: String!
  recordedYear: Int!
}

input TrackSearchTypeInput {
  artist: String
  title: String
}

"The `@specifiedBy` directive is used within the type system definition language to provide a URL for specifying the behavior of custom scalar definitions."
directive @specifiedBy("The specifiedBy URL points to a human-readable specification. This field will only read a result for scalar types." url: String!) on SCALAR

"The `DateTime` scalar represents an ISO-8601 compliant date time type."
scalar DateTime @specifiedBy(url: "https:\/\/www.graphql-scalars.com\/date-time")
